LogHandlers setup!
tensor([[[[ -40,   64,  -97],
          [  11, -106,   21],
          [  53,  -83,  -57]],

         [[  -1,  -79,  -76],
          [  36, -114,   32],
          [ 118,  -94,  -30]],

         [[  76,   91,   56],
          [ 127,  -33,    6],
          [   1,   17,   13]]],


        [[[  26,   61,   83],
          [  51,   67,  -43],
          [   3,   71,  -27]],

         [[ -88,   11,   31],
          [-118,   74,   51],
          [  41,   82, -120]],

         [[  31, -126,  -42],
          [  29,  -82,    0],
          [ -18, -127,   59]]],


        [[[  -9,   11,  -89],
          [ -61,  -92,   13],
          [ 108,   20,    1]],

         [[ -81,  -30,   -3],
          [-127, -127,  -25],
          [ -85,  -55,  -42]],

         [[  -3,   92,   27],
          [ 126,   89,  109],
          [  70,   81,  -37]]],


        [[[  23,  103, -111],
          [ -89,  -59,    6],
          [  16, -124,  -75]],

         [[ 104,  124,  -16],
          [ 125,   39,   68],
          [  67,  -32, -113]],

         [[  54,    1,  -90],
          [  82,  -28, -127],
          [ -27,  119,    0]]],


        [[[ 111,  -47,  112],
          [ -88,  -54,  127],
          [   8,   53,   65]],

         [[  -5,  -14,  -11],
          [-118,  -94,  -28],
          [ -74,  -65,   35]],

         [[ 102,   93,  -67],
          [ -49,  105,   26],
          [  44,  -56,   20]]],


        [[[ -63,   -8,   -5],
          [  70,   98,  -51],
          [ -98,  -91,  -62]],

         [[  24,  -26,   23],
          [   0,   18, -117],
          [ -61,   21,  -53]],

         [[  91,   96,  -89],
          [ 117,  127,  -44],
          [  83,  -19,   72]]],


        [[[  47,  -93, -106],
          [ -32, -119,  -20],
          [ 126,  118,  110]],

         [[ 109,  -47, -111],
          [  22, -100,  -37],
          [ 121,   84,   72]],

         [[ -67,   89,   66],
          [-127,  -11, -100],
          [ -24, -105,   46]]],


        [[[ 108, -109,   54],
          [ -63, -127,  -81],
          [  45,  -46,    6]],

         [[ 101,   15,   34],
          [ -17,  -71,  -59],
          [ 126,   68,   11]],

         [[ -84,   58,   69],
          [  30,  123,  -78],
          [ -28,   -1,  -92]]],


        [[[ 100,    6,  -59],
          [  73,   55,  -61],
          [  -6,   64,   76]],

         [[  39,  -45,  -78],
          [ -70,   36,  -93],
          [ -12,  -54,   55]],

         [[ -32,   33,   -6],
          [  57, -127,  -69],
          [  99,  -86,   31]]],


        [[[ -30, -108,  115],
          [  19, -127,   56],
          [ -26,  121,    7]],

         [[ -20,    3, -109],
          [ -51,   30, -127],
          [  88,    8,   60]],

         [[ -42,   78, -117],
          [  47,  -47,  115],
          [  67,   22,   13]]],


        [[[  80,   81, -100],
          [ -68,   92,  124],
          [-104, -127,  -92]],

         [[ -43,  -37,  -98],
          [  -3,   62,  116],
          [  66,    4, -126]],

         [[ -14,  109,  104],
          [ 105,  115,   -4],
          [ -32,  110,  -10]]],


        [[[  59,  126,  -63],
          [ -36,  -13,   14],
          [ -88,   84,   44]],

         [[  38,  -99,   25],
          [ -48,   29,  -19],
          [  11,    6,   30]],

         [[  17,  -42,  -31],
          [-127,   81,   72],
          [  65,   40,  -24]]],


        [[[  -1,  -34,    8],
          [  42,   60,    3],
          [ -45,   -6,    2]],

         [[ -25,  -46,   22],
          [ -38,  -70,   62],
          [  28,   59,  -18]],

         [[ -44,  -67,  -43],
          [  22, -127,  -65],
          [  61,   54,  -42]]],


        [[[  21,   71,   10],
          [  51,   10,  -34],
          [   3,  126,   65]],

         [[  -6,  -10, -112],
          [  15,  109,   21],
          [ -19,   84,    1]],

         [[  43,   10,    3],
          [ -49, -127,    9],
          [ -16,  -73,  -38]]],


        [[[ -13,   82,   52],
          [ -68,   63,  -36],
          [ -51,  -74,   35]],

         [[  68,  -90,   12],
          [  11, -127,  -61],
          [  78,  -81,  -66]],

         [[  54,  -13,   35],
          [ -17, -109,   37],
          [  36,   56,  -48]]],


        [[[  66,   49,   72],
          [-127, -103,   44],
          [  34, -115,   88]],

         [[  -7,   66,  -85],
          [ -81,  127, -109],
          [   0,  -64,   92]],

         [[   1,  -71, -109],
          [  78,  109,   -6],
          [ -72,   96,  -54]]],


        [[[  18,  127,  -60],
          [  14,   91,   -6],
          [-108,  -61,   -8]],

         [[ -60,   69,  -65],
          [ -86,  -98,  -44],
          [  59,   73,  -10]],

         [[  10,  110,  -79],
          [  -1,  -83,  -76],
          [ 113,   59,  -17]]],


        [[[ -35,  106,   85],
          [ 104,   73,  127],
          [  94,  -91, -100]],

         [[ -25, -100,   13],
          [  -3,  -72,   21],
          [ -35,  -66,   14]],

         [[  53,  -85,  -39],
          [ -37,  -55,   -5],
          [  16,  -81,  -44]]],


        [[[ -69,   32,   55],
          [  97,  127,  124],
          [ -25,  -19,   27]],

         [[ -66, -100,  -78],
          [ -80,  -59,  -29],
          [ -25,    6,   56]],

         [[ -13,   14,  -16],
          [  75,  125,  -73],
          [ -64,    3,  -77]]],


        [[[ -51,  -25,  104],
          [ -27,  127,  -59],
          [ -65,  -63,   29]],

         [[  93,   -5,    7],
          [ -26,  125,  -15],
          [  34,   91,  -18]],

         [[  18,  -77,  -97],
          [ -66,  -15,  -47],
          [  61,   98,   33]]],


        [[[ 113,  -88,   31],
          [ 103, -104, -110],
          [  56,   -4,  -92]],

         [[ -97,  -28,   38],
          [-100,  -64,  -32],
          [ -93,  101,   98]],

         [[  62,  118,   -3],
          [ 127,   26,  -39],
          [  50,   29,   62]]],


        [[[ -73,   98, -106],
          [ 114,   -4,   -2],
          [  96,   35,  -53]],

         [[-107,  -73,  -46],
          [ 127,  -21,  -18],
          [  81,  -41,   58]],

         [[ -47,  -11,  -55],
          [  28,  123,  -80],
          [ -11,   66,   63]]],


        [[[ -64,  -62,  124],
          [ 116, -117,  107],
          [   7,  -95,  -67]],

         [[-100,  -92,  -47],
          [ -81,  101,   26],
          [  91,  -61,   39]],

         [[   5, -127,   28],
          [-124,  -33,   68],
          [  29,   13,   29]]],


        [[[ -38,  117,  117],
          [  28,   99,  -23],
          [ -20,  -55,  -25]],

         [[ -84,  -97,  -38],
          [ -34, -118,  -96],
          [ -33,  112,  -66]],

         [[  39,  125,   89],
          [ 127,   -6,   78],
          [ -17,  -19,  -48]]],


        [[[   4,   31,   59],
          [ -73,   12,  -34],
          [  28,    5,  -55]],

         [[  37,  101,   38],
          [  39,  127,   45],
          [  31,   41,  -91]],

         [[ -78,  116,   56],
          [  42,  -22,  -68],
          [ -65,   17,   36]]],


        [[[  19,   -1,   79],
          [ 121,   52,  -87],
          [  50,   -9,   89]],

         [[ -81,  -81,  -88],
          [ -45, -127,  -88],
          [ -74, -116,   40]],

         [[ -69,   98,  102],
          [  40,   28,  -73],
          [  60, -103,   75]]],


        [[[ -34,  -55,    4],
          [  34, -127,   -9],
          [ -30,   24,    8]],

         [[ -70,  -77,  -15],
          [ 114,   85,  106],
          [ -14,   12,   -8]],

         [[ -87,  -92,   98],
          [  64,  -73,  127],
          [  27,  110,  -86]]],


        [[[-101, -127,  -13],
          [  47,  -15,  -44],
          [ -23,  -50,   29]],

         [[ -57,  -86,  -33],
          [   1,  126,   11],
          [  12,   23,   96]],

         [[   1,  102,  -16],
          [  48,   87,   13],
          [ -32,  -75,    2]]],


        [[[ -85,  -34,  -60],
          [  59, -127,  -71],
          [  22, -111,   90]],

         [[  21,  -16,  -44],
          [ -68, -113,   11],
          [ -37,  -25,  -31]],

         [[ -61,   26,   22],
          [  79,   13,   51],
          [  68,   97,   64]]],


        [[[ -63,    9,  -16],
          [-127,  -56,   27],
          [   8,   90,   61]],

         [[  -4,  -98,  -87],
          [ -95,   43,  126],
          [ -29,  -13,   56]],

         [[ -42,   75,  120],
          [  -7,  -43,  -89],
          [  21,  107,  118]]],


        [[[ -63,   86,   -1],
          [ 114,  119,  105],
          [ -45,   12,   69]],

         [[   4,  -13,   83],
          [  84,  -27,  103],
          [  72,   63,   64]],

         [[  45,  112,  -28],
          [  28,   -5,  111],
          [  18,  127,   69]]],


        [[[ -67,   90,   66],
          [ -43,  -92,  -41],
          [  68,  -92,   10]],

         [[  38,   44,   95],
          [  29,   32,  -44],
          [ -49,  -58,   89]],

         [[  73,  -61,   24],
          [ -94, -127,  -17],
          [   0, -118,   29]]]], dtype=torch.int8)
Parameter containing:
tensor([-0.1314,  0.0574,  0.0218,  0.0978, -0.1508,  0.0163, -0.0390, -0.0363,
         0.0442, -0.0493, -0.2033, -0.1271,  0.0313, -0.1577,  0.1899,  0.0804,
         0.1720,  0.1215,  0.0775, -0.2163, -0.1461, -0.0981,  0.1315, -0.0867,
        -0.1450, -0.1508, -0.0825,  0.1829,  0.1761, -0.1165,  0.0734, -0.1474],
       requires_grad=True)
<class 'models.network_rrdb_arch.SeparableRRDBNet'>
